---
source: network/src/data_structures/net_properties.rs
expression: properties
---
NetProperties {
    layout: [
        2,
        3,
        2,
    ],
    transition_parameter_count: [
        9,
        8,
    ],
    transition_offsets: [
        0,
        9,
    ],
    number_of_parameters: 17,
    capacity: 4,
    max_layer: 2,
}
